{"ts":"2026-07-05T13:05:45.988Z","level":"info","msg":"Extractor registry initialized","meta":{"manifestCount":13,"sourceCount":15,"manifests":[{"id":"adzuna","sources":["adzuna"],"requiredEnvVarsCount":2,"locationCapabilitySources":["adzuna"]},{"id":"fiveamsat","sources":["fiveamsat"],"requiredEnvVarsCount":0,"locationCapabilitySources":["fiveamsat"]},{"id":"golangjobs","sources":["golangjobs"],"requiredEnvVarsCount":0,"locationCapabilitySources":["golangjobs"]},{"id":"gradcracker","sources":["gradcracker"],"requiredEnvVarsCount":0,"locationCapabilitySources":["gradcracker"]},{"id":"hiringcafe","sources":["hiringcafe"],"requiredEnvVarsCount":0,"locationCapabilitySources":["hiringcafe"]},{"id":"jobindex","sources":["jobindex"],"requiredEnvVarsCount":0,"locationCapabilitySources":["jobindex"]},{"id":"jobspy","sources":["indeed","linkedin","glassdoor"],"requiredEnvVarsCount":0,"locationCapabilitySources":["indeed","linkedin","glassdoor"]},{"id":"naukri","sources":["naukri"],"requiredEnvVarsCount":0,"locationCapabilitySources":["naukri"]},{"id":"seek","sources":["seek"],"requiredEnvVarsCount":1,"locationCapabilitySources":["seek"]},{"id":"startupjobs","sources":["startupjobs"],"requiredEnvVarsCount":0,"locationCapabilitySources":["startupjobs"]},{"id":"ukvisajobs","sources":["ukvisajobs"],"requiredEnvVarsCount":2,"locationCapabilitySources":["ukvisajobs"]},{"id":"wazzuf","sources":["wazzuf"],"requiredEnvVarsCount":0,"locationCapabilitySources":["wazzuf"]},{"id":"workingnomads","sources":["workingnomads"],"requiredEnvVarsCount":0,"locationCapabilitySources":["workingnomads"]}]}}

╔═══════════════════════════════════════════════════════════╗
║                                                           ║
║   🚀 Job Ops Orchestrator                                 ║
║                                                           ║
║   Server running at: http://localhost:3001               ║
║                                                           ║
║   API:     http://localhost:3001/api                     ║
║   Health:  http://localhost:3001/health                  ║
║   PDFs:    http://localhost:3001/pdfs                    ║
║                                                           ║
╚═══════════════════════════════════════════════════════════╝
  
{"ts":"2026-07-05T13:05:46.012Z","level":"info","msg":"Resolved visa sponsor providers root","meta":{"selectedRoot":"C:\\Users\\NEW USER\\Desktop\\JOB OPS REWORK\\visa-sponsor-providers","candidates":["C:\\Users\\NEW USER\\Desktop\\JOB OPS REWORK\\orchestrator\\visa-sponsor-providers","C:\\Users\\NEW USER\\Desktop\\JOB OPS REWORK\\visa-sponsor-providers","C:\\Users\\NEW USER\\Desktop\\JOB OPS REWORK\\visa-sponsor-providers"]}}
{"ts":"2026-07-05T13:05:46.015Z","level":"info","msg":"Discovered visa sponsor provider manifest paths","meta":{"root":"C:\\Users\\NEW USER\\Desktop\\JOB OPS REWORK\\visa-sponsor-providers","manifestCount":1,"manifestPaths":["C:\\Users\\NEW USER\\Desktop\\JOB OPS REWORK\\visa-sponsor-providers\\uk\\manifest.ts"]}}
{"ts":"2026-07-05T13:05:46.016Z","level":"info","msg":"Loading visa sponsor provider manifest","meta":{"path":"C:\\Users\\NEW USER\\Desktop\\JOB OPS REWORK\\visa-sponsor-providers\\uk\\manifest.ts","fileUrl":"file:///C:/Users/NEW%20USER/Desktop/JOB%20OPS%20REWORK/visa-sponsor-providers/uk/manifest.ts"}}
{"ts":"2026-07-05T13:05:46.223Z","level":"info","msg":"Loaded visa sponsor provider manifest","meta":{"path":"C:\\Users\\NEW USER\\Desktop\\JOB OPS REWORK\\visa-sponsor-providers\\uk\\manifest.ts","id":"uk","countryKey":"united kingdom"}}
{"ts":"2026-07-05T13:05:46.225Z","level":"info","msg":"Visa sponsor provider registry initialized","meta":{"count":1,"providers":["uk"]}}
{"ts":"2026-07-05T13:05:46.227Z","level":"info","msg":"No data for provider, downloading","meta":{"providerId":"uk"}}
{"ts":"2026-07-05T13:05:46.229Z","level":"info","msg":"Fetching sponsor data","meta":{"providerId":"uk"}}
{"ts":"2026-07-05T13:05:46.497Z","level":"info","msg":"Scheduler starting","meta":{"scheduler":"visa-sponsors-uk","hour":2}}
{"ts":"2026-07-05T13:05:46.498Z","level":"info","msg":"Scheduler next run","meta":{"scheduler":"visa-sponsors-uk","nextRun":"2026-07-06T02:00:00.000Z"}}
